{
  "filters_used": [
    {
      "path": "detect_secrets.filters.allowlist.is_line_allowlisted"
    },
    {
      "min_level": 2,
      "path": "detect_secrets.filters.common.is_ignored_due_to_verification_policies"
    },
    {
      "path": "detect_secrets.filters.heuristic.is_indirect_reference"
    },
    {
      "path": "detect_secrets.filters.heuristic.is_likely_id_string"
    },
    {
      "path": "detect_secrets.filters.heuristic.is_lock_file"
    },
    {
      "path": "detect_secrets.filters.heuristic.is_not_alphanumeric_string"
    },
    {
      "path": "detect_secrets.filters.heuristic.is_potential_uuid"
    },
    {
      "path": "detect_secrets.filters.heuristic.is_prefixed_with_dollar_sign"
    },
    {
      "path": "detect_secrets.filters.heuristic.is_sequential_string"
    },
    {
      "path": "detect_secrets.filters.heuristic.is_swagger_file"
    },
    {
      "path": "detect_secrets.filters.heuristic.is_templated_secret"
    },
    {
      "path": "detect_secrets.filters.regex.should_exclude_file",
      "pattern": [
        "(^|C:/Program Files/Git/)(uv/.lock|package-lock/.json)$",
        "(^|C:/Program Files/Git/)node_modules/",
        "(^|C:/Program Files/Git/)/.venv/",
        "(^|C:/Program Files/Git/)dist/"
      ]
    }
  ],
  "generated_at": "2026-10-06T21:49:21Z",
  "plugins_used": [
    {
      "name": "ArtifactoryDetector"
    },
    {
      "name": "AWSKeyDetector"
    },
    {
      "name": "AzureStorageKeyDetector"
    },
    {
      "limit": 4.5,
      "name": "Base64HighEntropyString"
    },
    {
      "name": "BasicAuthDetector"
    },
    {
      "name": "CloudantDetector"
    },
    {
      "name": "DiscordBotTokenDetector"
    },
    {
      "name": "GitHubTokenDetector"
    },
    {
      "name": "GitLabTokenDetector"
    },
    {
      "limit": 3.0,
      "name": "HexHighEntropyString"
    },
    {
      "name": "IbmCloudIamDetector"
    },
    {
      "name": "IbmCosHmacDetector"
    },
    {
      "name": "IPPublicDetector"
    },
    {
      "name": "JwtTokenDetector"
    },
    {
      "keyword_exclude": "",
      "name": "KeywordDetector"
    },
    {
      "name": "MailchimpDetector"
    },
    {
      "name": "NpmDetector"
    },
    {
      "name": "OpenAIDetector"
    },
    {
      "name": "PrivateKeyDetector"
    },
    {
      "name": "PypiTokenDetector"
    },
    {
      "name": "SendGridDetector"
    },
    {
      "name": "SlackDetector"
    },
    {
      "name": "SoftlayerDetector"
    },
    {
      "name": "SquareOAuthDetector"
    },
    {
      "name": "StripeDetector"
    },
    {
      "name": "TelegramBotTokenDetector"
    },
    {
      "name": "TwilioKeyDetector"
    }
  ],
  "results": {
    ".env.example": [
      {
        "filename": ".env.example",
        "hashed_secret": "db4577ff37348817a3306fc2e588b6896bf1375d",
        "is_verified": false,
        "line_number": 25,
        "type": "Basic Auth Credentials"
      }
    ],
    ".specify/integrations/claude.manifest.json": [
      {
        "filename": ".specify/integrations/claude.manifest.json",
        "hashed_secret": "40066d230a380d6a9418b86bde9cdf687bc2bbf5",
        "is_verified": false,
        "line_number": 6,
        "type": "Hex High Entropy String"
      },
      {
        "filename": ".specify/integrations/claude.manifest.json",
        "hashed_secret": "5d595a5e9a701aeb2cc50a3115b648427a086a69",
        "is_verified": false,
        "line_number": 7,
        "type": "Hex High Entropy String"
      },
      {
        "filename": ".specify/integrations/claude.manifest.json",
        "hashed_secret": "ff0559d1091c99df1b02195151559888221be9ce",
        "is_verified": false,
        "line_number": 8,
        "type": "Hex High Entropy String"
      },
      {
        "filename": ".specify/integrations/claude.manifest.json",
        "hashed_secret": "61d67def0cebb8f31239853df1b4df7fdf8cbc26",
        "is_verified": false,
        "line_number": 9,
        "type": "Hex High Entropy String"
      },
      {
        "filename": ".specify/integrations/claude.manifest.json",
        "hashed_secret": "c60700ff6764f0fb40305a3c8dd5a280d16fa363",
        "is_verified": false,
        "line_number": 10,
        "type": "Hex High Entropy String"
      },
      {
        "filename": ".specify/integrations/claude.manifest.json",
        "hashed_secret": "f8b79e71d7f5b22008111b6698ee88b6e9c99ea9",
        "is_verified": false,
        "line_number": 11,
        "type": "Hex High Entropy String"
      },
      {
        "filename": ".specify/integrations/claude.manifest.json",
        "hashed_secret": "b187037f2fdc30aeea49258dbb1fa3e1be74758f",
        "is_verified": false,
        "line_number": 12,
        "type": "Hex High Entropy String"
      },
      {
        "filename": ".specify/integrations/claude.manifest.json",
        "hashed_secret": "5f5462db21dda43f2f1040cd5edfeeedfe8f977b",
        "is_verified": false,
        "line_number": 13,
        "type": "Hex High Entropy String"
      },
      {
        "filename": ".specify/integrations/claude.manifest.json",
        "hashed_secret": "af09c031ee33da1a0a818c082957091979428a01",
        "is_verified": false,
        "line_number": 14,
        "type": "Hex High Entropy String"
      },
      {
        "filename": ".specify/integrations/claude.manifest.json",
        "hashed_secret": "db5b46b6a4765c486ae6bc3c6be25003d7876436",
        "is_verified": false,
        "line_number": 15,
        "type": "Hex High Entropy String"
      }
    ],
    ".specify/integrations/speckit.manifest.json": [
      {
        "filename": ".specify/integrations/speckit.manifest.json",
        "hashed_secret": "9f32b29d76240ac4654a27bfb385c22a78dddfea",
        "is_verified": false,
        "line_number": 6,
        "type": "Hex High Entropy String"
      },
      {
        "filename": ".specify/integrations/speckit.manifest.json",
        "hashed_secret": "c19468f0a55fdca2c5980494cb7192fa849a419d",
        "is_verified": false,
        "line_number": 7,
        "type": "Hex High Entropy String"
      },
      {
        "filename": ".specify/integrations/speckit.manifest.json",
        "hashed_secret": "db15b32b5cd7abe6ae035349ed62e161cbad573d",
        "is_verified": false,
        "line_number": 8,
        "type": "Hex High Entropy String"
      },
      {
        "filename": ".specify/integrations/speckit.manifest.json",
        "hashed_secret": "8b0ebee6d86d99dae230311e4d2b1760c72126c0",
        "is_verified": false,
        "line_number": 9,
        "type": "Hex High Entropy String"
      },
      {
        "filename": ".specify/integrations/speckit.manifest.json",
        "hashed_secret": "e2df96f2abc041eaafd0f265de288b1adfe86037",
        "is_verified": false,
        "line_number": 10,
        "type": "Hex High Entropy String"
      },
      {
        "filename": ".specify/integrations/speckit.manifest.json",
        "hashed_secret": "0d74d8c233344efd8e21a3e71940c3ddab58a11b",
        "is_verified": false,
        "line_number": 11,
        "type": "Hex High Entropy String"
      },
      {
        "filename": ".specify/integrations/speckit.manifest.json",
        "hashed_secret": "0f89f7d4e0d0a97e53da064240d3cf9eb5851498",
        "is_verified": false,
        "line_number": 12,
        "type": "Hex High Entropy String"
      },
      {
        "filename": ".specify/integrations/speckit.manifest.json",
        "hashed_secret": "ecde51343aeae413aaba7dc0a5eb327c83bdd97f",
        "is_verified": false,
        "line_number": 13,
        "type": "Hex High Entropy String"
      },
      {
        "filename": ".specify/integrations/speckit.manifest.json",
        "hashed_secret": "96117805182e50acad4a4621d7f1a46e1fe2ce63",
        "is_verified": false,
        "line_number": 14,
        "type": "Hex High Entropy String"
      },
      {
        "filename": ".specify/integrations/speckit.manifest.json",
        "hashed_secret": "9ca09f61b0fce77137bb336a5537503f9f28be91",
        "is_verified": false,
        "line_number": 15,
        "type": "Hex High Entropy String"
      },
      {
        "filename": ".specify/integrations/speckit.manifest.json",
        "hashed_secret": "1cc789c9238e339abe947becc75953c91c51e4d8",
        "is_verified": false,
        "line_number": 16,
        "type": "Hex High Entropy String"
      },
      {
        "filename": ".specify/integrations/speckit.manifest.json",
        "hashed_secret": "000736b92022e8c39e1d23a2181065fb5da813d6",
        "is_verified": false,
        "line_number": 17,
        "type": "Hex High Entropy String"
      }
    ],
    ".specify/memory/.constitution-template.json": [
      {
        "filename": ".specify/memory/.constitution-template.json",
        "hashed_secret": "ecde51343aeae413aaba7dc0a5eb327c83bdd97f",
        "is_verified": false,
        "line_number": 2,
        "type": "Hex High Entropy String"
      }
    ],
    "backend/tests/unit/shared/test_config.py": [
      {
        "filename": "backend/tests/unit/shared/test_config.py",
        "hashed_secret": "b542b636afd23d69a134948d9ab70a6ca8c8f055",
        "is_verified": false,
        "line_number": 14,
        "type": "Secret Keyword"
      },
      {
        "filename": "backend/tests/unit/shared/test_config.py",
        "hashed_secret": "dedcde9acc9db68b0a8af58c9356cdb091caf313",
        "is_verified": false,
        "line_number": 15,
        "type": "Secret Keyword"
      },
      {
        "filename": "backend/tests/unit/shared/test_config.py",
        "hashed_secret": "d8e4a1688ed80c610806e8837fce51262289f911",
        "is_verified": false,
        "line_number": 18,
        "type": "Secret Keyword"
      },
      {
        "filename": "backend/tests/unit/shared/test_config.py",
        "hashed_secret": "b6a8a6b8a03e3fd4c031ecac0f5ccfc1d0b77ecc",
        "is_verified": false,
        "line_number": 245,
        "type": "Secret Keyword"
      },
      {
        "filename": "backend/tests/unit/shared/test_config.py",
        "hashed_secret": "1f6c3883296fd6b9bd5c583cde3f5862b9466a3d",
        "is_verified": false,
        "line_number": 246,
        "type": "Secret Keyword"
      },
      {
        "filename": "backend/tests/unit/shared/test_config.py",
        "hashed_secret": "62493206021c62016d2f4a627d9e40f6b97390c7",
        "is_verified": false,
        "line_number": 247,
        "type": "Basic Auth Credentials"
      }
    ],
    "infra/postgres/init/01-roles.sql": [
      {
        "filename": "infra/postgres/init/01-roles.sql",
        "hashed_secret": "2f1aa1e2a58704b452a5dd60ab1bd2b761bf296a",
        "is_verified": false,
        "line_number": 40,
        "type": "Secret Keyword"
      }
    ]
  },
  "version": "1.5.0"
}
